{
                    "app": "Crmeb",
                    "timestamp":"2026-06-15 15:00:02.895",
                    "level": "ERROR",
                    "thread": "task-executor-16",
                    "class": "c.z.s.service.impl.OrderTaskServiceImpl",
                    "message": "订单自动完成：订单记录最后一条不是收货状态，orderId = 35" }
                    
{
                    "app": "Crmeb",
                    "timestamp":"2026-06-15 16:00:02.886",
                    "level": "ERROR",
                    "thread": "task-executor-17",
                    "class": "c.z.s.service.impl.OrderTaskServiceImpl",
                    "message": "订单自动完成：订单记录最后一条不是收货状态，orderId = 35" }
                    
{
                    "app": "Crmeb",
                    "timestamp":"2026-06-15 17:00:02.889",
                    "level": "ERROR",
                    "thread": "task-executor-18",
                    "class": "c.z.s.service.impl.OrderTaskServiceImpl",
                    "message": "订单自动完成：订单记录最后一条不是收货状态，orderId = 35" }
                    
