{
                    "app": "Crmeb",
                    "timestamp":"2026-07-24 09:03:11.608",
                    "level": "ERROR",
                    "thread": "task-executor-14",
                    "class": "c.z.s.service.impl.OrderTaskServiceImpl",
                    "message": "订单自动完成：订单记录最后一条不是收货状态，orderId = 35" }
                    
{
                    "app": "Crmeb",
                    "timestamp":"2026-07-24 09:03:11.640",
                    "level": "ERROR",
                    "thread": "task-executor-15",
                    "class": "c.z.s.s.impl.StoreBargainServiceImpl",
                    "message": "砍价活动结束后更新用户状态定时任务——————失败" }
                    
{
                    "app": "Crmeb",
                    "timestamp":"2026-07-24 09:03:11.645",
                    "level": "ERROR",
                    "thread": "task-executor-15",
                    "class": "c.z.a.task.bargain.BargainStopChangeTask",
                    "message": "BargainStopChangeTask | msg : 砍价活动结束后更新用户状态失败" }
                    
